// Jest Snapshot v1, https://goo.gl/fbAQLP

exports[`<Nav/> renders full nav when signed in 1`] = `
<DocumentFragment>
  <ul
    class="NavStyles-sc-11c0d2g-0 iCTkso"
  >
    <a
      href="/items"
    >
      Shop
    </a>
    <a
      href="/sell"
    >
      Sell
    </a>
    <a
      href="/orders"
    >
      Orders
    </a>
    <a
      href="/me"
    >
      Account
    </a>
    <button>
      Sign Out
    </button>
    <button>
      My Cart
      <span
        class="CartCount__AnimationStyles-xxvp4g-0 jGgtAN"
      >
        <div>
          <div
            class="CartCount__Dot-xxvp4g-1 kCeHkh count"
          >
            0
          </div>
        </div>
      </span>
    </button>
  </ul>
</DocumentFragment>
`;

exports[`<Nav/> renders minimal nav when sign out 1`] = `
<DocumentFragment>
  <ul
    class="NavStyles-sc-11c0d2g-0 iCTkso"
  >
    <a
      href="/items"
    >
      Shop
    </a>
    <a
      href="/signup"
    >
      Signin
    </a>
  </ul>
</DocumentFragment>
`;

exports[`<Nav/> renders the amount of items in the cart 1`] = `
<DocumentFragment>
  <ul
    class="NavStyles-sc-11c0d2g-0 iCTkso"
  >
    <a
      href="/items"
    >
      Shop
    </a>
    <a
      href="/sell"
    >
      Sell
    </a>
    <a
      href="/orders"
    >
      Orders
    </a>
    <a
      href="/me"
    >
      Account
    </a>
    <button>
      Sign Out
    </button>
    <button>
      My Cart
      <span
        class="CartCount__AnimationStyles-xxvp4g-0 jGgtAN"
      >
        <div>
          <div
            class="CartCount__Dot-xxvp4g-1 kCeHkh count"
          >
            4
          </div>
        </div>
      </span>
    </button>
  </ul>
</DocumentFragment>
`;
